// Jest Snapshot v1, https://goo.gl/fbAQLP

exports[`ResultWindow  snapshot testing renders app module correctly 1`] = `ShallowWrapper {}`;
