// Jest Snapshot v1, https://goo.gl/fbAQLP

exports[`Slot component snapshot renders app module correctly 1`] = `ShallowWrapper {}`;
